

================================================================
== Vivado HLS Report for 'bitonic8'
================================================================
* Date:           Wed Oct 31 22:16:50 2018

* Version:        2016.4 (Build 1756540 on Mon Jan 23 19:31:01 MST 2017)
* Project:        RCT_2016_project
* Solution:       solution1
* Product family: virtex7
* Target device:  xc7vx690tffg1927-2


================================================================
== Performance Estimates
================================================================
+ Timing (ns): 
    * Summary: 
    +--------+-------+----------+------------+
    |  Clock | Target| Estimated| Uncertainty|
    +--------+-------+----------+------------+
    |ap_clk  |   4.16|      3.42|        0.52|
    +--------+-------+----------+------------+

+ Latency (clock cycles): 
    * Summary: 
    +-----+-----+-----+-----+----------+
    |  Latency  |  Interval | Pipeline |
    | min | max | min | max |   Type   |
    +-----+-----+-----+-----+----------+
    |    7|    7|    6|    6| function |
    +-----+-----+-----+-----+----------+

    + Detail: 
        * Instance: 
        +----------------------+-----------+-----+-----+-----+-----+----------+
        |                      |           |  Latency  |  Interval | Pipeline |
        |       Instance       |   Module  | min | max | min | max |   Type   |
        +----------------------+-----------+-----+-----+-----+-----+----------+
        |grp_bitonic16_fu_248  |bitonic16  |    5|    5|    6|    6| function |
        +----------------------+-----------+-----+-----+-----+-----+----------+

        * Loop: 
        N/A



================================================================
== Utilization Estimates
================================================================
* Summary: 
+-----------------+---------+-------+--------+--------+
|       Name      | BRAM_18K| DSP48E|   FF   |   LUT  |
+-----------------+---------+-------+--------+--------+
|DSP              |        -|      -|       -|       -|
|Expression       |        -|      -|       0|    1550|
|FIFO             |        -|      -|       -|       -|
|Instance         |        -|      -|    2054|    3266|
|Memory           |        -|      -|       -|       -|
|Multiplexer      |        -|      -|       -|       3|
|Register         |        -|      -|    1045|       -|
+-----------------+---------+-------+--------+--------+
|Total            |        0|      0|    3099|    4819|
+-----------------+---------+-------+--------+--------+
|Available        |     2940|   3600|  866400|  433200|
+-----------------+---------+-------+--------+--------+
|Utilization (%)  |        0|      0|   ~0   |       1|
+-----------------+---------+-------+--------+--------+

+ Detail: 
    * Instance: 
    +----------------------+-----------+---------+-------+------+------+
    |       Instance       |   Module  | BRAM_18K| DSP48E|  FF  |  LUT |
    +----------------------+-----------+---------+-------+------+------+
    |grp_bitonic16_fu_248  |bitonic16  |        0|      0|  2054|  3266|
    +----------------------+-----------+---------+-------+------+------+
    |Total                 |           |        0|      0|  2054|  3266|
    +----------------------+-----------+---------+-------+------+------+

    * DSP48: 
    N/A

    * Memory: 
    N/A

    * FIFO: 
    N/A

    * Expression: 
    +----------------------------------+----------+-------+---+----+------------+------------+
    |           Variable Name          | Operation| DSP48E| FF| LUT| Bitwidth P0| Bitwidth P1|
    +----------------------------------+----------+-------+---+----+------------+------------+
    |ClusterEta45_0_Clust_fu_770_p2    |    and   |      0|  0|   1|           1|           1|
    |ClusterPhi76_0_Clust_fu_784_p2    |    and   |      0|  0|   1|           1|           1|
    |p_read43_ClusterEta_fu_810_p2     |    and   |      0|  0|   1|           1|           1|
    |p_read75_ClusterPhi_fu_824_p2     |    and   |      0|  0|   1|           1|           1|
    |tmp_194_1_fu_312_p2               |   icmp   |      0|  0|   6|          16|          16|
    |tmp_194_2_fu_334_p2               |   icmp   |      0|  0|   6|          16|          16|
    |tmp_194_3_fu_356_p2               |   icmp   |      0|  0|   6|          16|          16|
    |tmp_198_1_fu_560_p2               |   icmp   |      0|  0|   6|          16|           1|
    |tmp_211_1_fu_390_p2               |   icmp   |      0|  0|   6|          16|          16|
    |tmp_216_1_fu_396_p2               |   icmp   |      0|  0|   6|          16|          16|
    |tmp_221_1_fu_758_p2               |   icmp   |      0|  0|   6|          16|           1|
    |tmp_226_1_fu_798_p2               |   icmp   |      0|  0|   6|          16|           1|
    |tmp_251_1_fu_892_p2               |   icmp   |      0|  0|   6|          16|          16|
    |tmp_251_2_fu_946_p2               |   icmp   |      0|  0|   6|          16|          16|
    |tmp_251_3_fu_1000_p2              |   icmp   |      0|  0|   6|          16|          16|
    |tmp_256_3_fu_1054_p2              |   icmp   |      0|  0|   6|          16|          16|
    |tmp_36_fu_514_p2                  |   icmp   |      0|  0|   6|          16|           1|
    |tmp_37_fu_378_p2                  |   icmp   |      0|  0|   6|          16|          16|
    |tmp_38_fu_384_p2                  |   icmp   |      0|  0|   6|          16|          16|
    |tmp_39_fu_838_p2                  |   icmp   |      0|  0|   6|          16|          16|
    |tmp_s_fu_290_p2                   |   icmp   |      0|  0|   6|          16|          16|
    |ClusterDeposits12_0_s_fu_649_p3   |  select  |      0|  0|  16|           1|          16|
    |ClusterDeposits1316_s_fu_1060_p3  |  select  |      0|  0|  16|           1|          16|
    |ClusterDeposits14_1_s_fu_1068_p3  |  select  |      0|  0|  16|           1|          16|
    |ClusterDeposits2_1_C_fu_906_p3    |  select  |      0|  0|  16|           1|          16|
    |ClusterDeposits3_0_C_fu_644_p3    |  select  |      0|  0|  16|           1|          16|
    |ClusterDeposits3_1_C_fu_898_p3    |  select  |      0|  0|  16|           1|          16|
    |ClusterDeposits4_0_C_fu_687_p3    |  select  |      0|  0|  16|           1|          16|
    |ClusterDeposits4_1_C_fu_960_p3    |  select  |      0|  0|  16|           1|          16|
    |ClusterDeposits5_0_C_fu_725_p3    |  select  |      0|  0|  16|           1|          16|
    |ClusterDeposits5_1_C_fu_952_p3    |  select  |      0|  0|  16|           1|          16|
    |ClusterDeposits6_0_C_fu_682_p3    |  select  |      0|  0|  16|           1|          16|
    |ClusterDeposits6_1_C_fu_1014_p3   |  select  |      0|  0|  16|           1|          16|
    |ClusterDeposits7_0_C_fu_720_p3    |  select  |      0|  0|  16|           1|          16|
    |ClusterDeposits7_1_C_fu_1006_p3   |  select  |      0|  0|  16|           1|          16|
    |ClusterEta32_0_Clust_fu_661_p3    |  select  |      0|  0|  16|           1|          16|
    |ClusterEta33_1_Clust_fu_922_p3    |  select  |      0|  0|  16|           1|          16|
    |ClusterEta34_0_Clust_1_fu_860_p3  |  select  |      0|  0|  16|           1|          16|
    |ClusterEta34_0_Clust_fu_654_p3    |  select  |      0|  0|  16|           1|          16|
    |ClusterEta34_1_Clust_fu_914_p3    |  select  |      0|  0|  16|           1|          16|
    |ClusterEta35_0_Clust_fu_699_p3    |  select  |      0|  0|  16|           1|          16|
    |ClusterEta35_1_Clust_fu_976_p3    |  select  |      0|  0|  16|           1|          16|
    |ClusterEta36_0_Clust_fu_737_p3    |  select  |      0|  0|  16|           1|          16|
    |ClusterEta36_1_Clust_fu_968_p3    |  select  |      0|  0|  16|           1|          16|
    |ClusterEta3743_0_Clu_fu_692_p3    |  select  |      0|  0|  16|           1|          16|
    |ClusterEta3743_1_Clu_fu_1030_p3   |  select  |      0|  0|  16|           1|          16|
    |ClusterEta38_0_Clust_fu_730_p3    |  select  |      0|  0|  16|           1|          16|
    |ClusterEta38_1_Clust_fu_1022_p3   |  select  |      0|  0|  16|           1|          16|
    |ClusterEta43_0_Clust_fu_776_p3    |  select  |      0|  0|  16|           1|          16|
    |ClusterEta44_0_rea_1_fu_1076_p3   |  select  |      0|  0|  16|           1|          16|
    |ClusterEta44_0_rea_fu_816_p3      |  select  |      0|  0|  16|           1|          16|
    |ClusterEta45_1_Clust_fu_1084_p3   |  select  |      0|  0|  16|           1|          16|
    |ClusterEta_1_Cluster_fu_868_p3    |  select  |      0|  0|  16|           1|          16|
    |ClusterPhi63_0_Clust_fu_675_p3    |  select  |      0|  0|  16|           1|          16|
    |ClusterPhi64_1_Clust_fu_938_p3    |  select  |      0|  0|  16|           1|          16|
    |ClusterPhi65_0_Clust_1_fu_876_p3  |  select  |      0|  0|  16|           1|          16|
    |ClusterPhi65_0_Clust_fu_668_p3    |  select  |      0|  0|  16|           1|          16|
    |ClusterPhi65_1_Clust_fu_930_p3    |  select  |      0|  0|  16|           1|          16|
    |ClusterPhi66_0_Clust_fu_713_p3    |  select  |      0|  0|  16|           1|          16|
    |ClusterPhi66_1_Clust_fu_992_p3    |  select  |      0|  0|  16|           1|          16|
    |ClusterPhi67_0_Clust_fu_751_p3    |  select  |      0|  0|  16|           1|          16|
    |ClusterPhi67_1_Clust_fu_984_p3    |  select  |      0|  0|  16|           1|          16|
    |ClusterPhi68_0_Clust_fu_706_p3    |  select  |      0|  0|  16|           1|          16|
    |ClusterPhi68_1_Clust_fu_1046_p3   |  select  |      0|  0|  16|           1|          16|
    |ClusterPhi69_0_Clust_fu_744_p3    |  select  |      0|  0|  16|           1|          16|
    |ClusterPhi69_1_Clust_fu_1038_p3   |  select  |      0|  0|  16|           1|          16|
    |ClusterPhi74_0_Clust_fu_790_p3    |  select  |      0|  0|  16|           1|          16|
    |ClusterPhi75_0_rea_1_fu_1092_p3   |  select  |      0|  0|  16|           1|          16|
    |ClusterPhi75_0_rea_fu_830_p3      |  select  |      0|  0|  16|           1|          16|
    |ClusterPhi76_1_Clust_fu_1100_p3   |  select  |      0|  0|  16|           1|          16|
    |ClusterPhi_1_Cluster_fu_884_p3    |  select  |      0|  0|  16|           1|          16|
    |p_read1_fu_594_p3                 |  select  |      0|  0|  16|           1|           1|
    |p_read1_read5_fu_326_p3           |  select  |      0|  0|  16|           1|          16|
    |p_read2_read6_fu_348_p3           |  select  |      0|  0|  16|           1|          16|
    |p_read32_read_fu_409_p3           |  select  |      0|  0|  16|           1|          16|
    |p_read33_read_fu_437_p3           |  select  |      0|  0|  16|           1|          16|
    |p_read34_read_fu_465_p3           |  select  |      0|  0|  16|           1|          16|
    |p_read35_read_fu_493_p3           |  select  |      0|  0|  16|           1|          16|
    |p_read36_read32_rea_fu_623_p3     |  select  |      0|  0|  16|           1|          16|
    |p_read36_read_fu_402_p3           |  select  |      0|  0|  16|           1|          16|
    |p_read37_read_fu_430_p3           |  select  |      0|  0|  16|           1|          16|
    |p_read38_read34_rea_fu_616_p3     |  select  |      0|  0|  16|           1|          16|
    |p_read38_read_fu_458_p3           |  select  |      0|  0|  16|           1|          16|
    |p_read39_read_fu_486_p3           |  select  |      0|  0|  16|           1|          16|
    |p_read3_read7_fu_370_p3           |  select  |      0|  0|  16|           1|          16|
    |p_read40_s_fu_520_p3              |  select  |      0|  0|  16|           1|          16|
    |p_read41_s_fu_566_p3              |  select  |      0|  0|  16|           1|          16|
    |p_read4_read_fu_296_p3            |  select  |      0|  0|  16|           1|          16|
    |p_read4_read_read6_s_fu_611_p3    |  select  |      0|  0|  16|           1|          16|
    |p_read5_read1_fu_318_p3           |  select  |      0|  0|  16|           1|          16|
    |p_read64_read_fu_423_p3           |  select  |      0|  0|  16|           1|          16|
    |p_read65_read_fu_451_p3           |  select  |      0|  0|  16|           1|          16|
    |p_read66_read_fu_479_p3           |  select  |      0|  0|  16|           1|          16|
    |p_read67_read_fu_507_p3           |  select  |      0|  0|  16|           1|          16|
    |p_read68_read64_rea_fu_637_p3     |  select  |      0|  0|  16|           1|          16|
    |p_read68_read_fu_416_p3           |  select  |      0|  0|  16|           1|          16|
    |p_read69_read_fu_444_p3           |  select  |      0|  0|  16|           1|          16|
    |p_read6_read2_fu_340_p3           |  select  |      0|  0|  16|           1|          16|
    |p_read6_read2_read4_fu_606_p3     |  select  |      0|  0|  16|           1|          16|
    |p_read70_read66_rea_fu_630_p3     |  select  |      0|  0|  16|           1|          16|
    |p_read70_read_fu_472_p3           |  select  |      0|  0|  16|           1|          16|
    |p_read71_read_fu_500_p3           |  select  |      0|  0|  16|           1|          16|
    |p_read72_s_fu_540_p3              |  select  |      0|  0|  16|           1|          16|
    |p_read73_s_fu_586_p3              |  select  |      0|  0|  16|           1|          16|
    |p_read7_read3_fu_362_p3           |  select  |      0|  0|  16|           1|          16|
    |p_read8_fu_548_p3                 |  select  |      0|  0|  16|           1|           1|
    |p_read9_fu_574_p3                 |  select  |      0|  0|  16|           1|           1|
    |p_read_fu_528_p3                  |  select  |      0|  0|  16|           1|           1|
    |p_read_read4_fu_304_p3            |  select  |      0|  0|  16|           1|          16|
    |sel_SEBB4_fu_844_p3               |  select  |      0|  0|  16|           1|          16|
    |sel_SEBB5_fu_852_p3               |  select  |      0|  0|  16|           1|          16|
    |not_tmp_221_1_fu_764_p2           |    xor   |      0|  0|   2|           1|           2|
    |not_tmp_226_1_fu_804_p2           |    xor   |      0|  0|   2|           1|           2|
    +----------------------------------+----------+-------+---+----+------------+------------+
    |Total                             |          |      0|  0|1550|         368|        1600|
    +----------------------------------+----------+-------+---+----+------------+------------+

    * Multiplexer: 
    +-------------------------+----+-----------+-----+-----------+
    |           Name          | LUT| Input Size| Bits| Total Bits|
    +-------------------------+----+-----------+-----+-----------+
    |ap_NS_fsm                |   1|          7|    1|          7|
    |ap_enable_reg_pp0_iter0  |   1|          2|    1|          2|
    |ap_enable_reg_pp0_iter1  |   1|          2|    1|          2|
    +-------------------------+----+-----------+-----+-----------+
    |Total                    |   3|         11|    3|         11|
    +-------------------------+----+-----------+-----+-----------+

    * Register: 
    +--------------------------------------+----+----+-----+-----------+
    |                 Name                 | FF | LUT| Bits| Const Bits|
    +--------------------------------------+----+----+-----+-----------+
    |ClusterDeposits1316_s_reg_1388        |  16|   0|   16|          0|
    |ClusterDeposits14_1_s_reg_1393        |  16|   0|   16|          0|
    |ClusterDeposits2_1_C_reg_1303         |  16|   0|   16|          0|
    |ClusterDeposits3_1_C_reg_1298         |  16|   0|   16|          0|
    |ClusterDeposits4_1_C_reg_1333         |  16|   0|   16|          0|
    |ClusterDeposits5_1_C_reg_1328         |  16|   0|   16|          0|
    |ClusterDeposits6_1_C_reg_1363         |  16|   0|   16|          0|
    |ClusterDeposits7_1_C_reg_1358         |  16|   0|   16|          0|
    |ClusterEta33_1_Clust_reg_1313         |  16|   0|   16|          0|
    |ClusterEta34_0_Clust_1_reg_1278       |  16|   0|   16|          0|
    |ClusterEta34_1_Clust_reg_1308         |  16|   0|   16|          0|
    |ClusterEta35_1_Clust_reg_1343         |  16|   0|   16|          0|
    |ClusterEta36_1_Clust_reg_1338         |  16|   0|   16|          0|
    |ClusterEta3743_1_Clu_reg_1373         |  16|   0|   16|          0|
    |ClusterEta38_1_Clust_reg_1368         |  16|   0|   16|          0|
    |ClusterEta44_0_rea_1_reg_1398         |  16|   0|   16|          0|
    |ClusterEta45_0_Clust_reg_1248         |   1|   0|    1|          0|
    |ClusterEta45_1_Clust_reg_1403         |  16|   0|   16|          0|
    |ClusterEta_1_Cluster_reg_1283         |  16|   0|   16|          0|
    |ClusterPhi64_1_Clust_reg_1323         |  16|   0|   16|          0|
    |ClusterPhi65_0_Clust_1_reg_1288       |  16|   0|   16|          0|
    |ClusterPhi65_1_Clust_reg_1318         |  16|   0|   16|          0|
    |ClusterPhi66_1_Clust_reg_1353         |  16|   0|   16|          0|
    |ClusterPhi67_1_Clust_reg_1348         |  16|   0|   16|          0|
    |ClusterPhi68_1_Clust_reg_1383         |  16|   0|   16|          0|
    |ClusterPhi69_1_Clust_reg_1378         |  16|   0|   16|          0|
    |ClusterPhi75_0_rea_1_reg_1408         |  16|   0|   16|          0|
    |ClusterPhi76_0_Clust_reg_1253         |   1|   0|    1|          0|
    |ClusterPhi76_1_Clust_reg_1413         |  16|   0|   16|          0|
    |ClusterPhi_1_Cluster_reg_1293         |  16|   0|   16|          0|
    |ap_CS_fsm                             |   6|   0|    6|          0|
    |ap_enable_reg_pp0_iter0_preg          |   1|   0|    1|          0|
    |ap_enable_reg_pp0_iter1               |   1|   0|    1|          0|
    |ap_port_reg_ClusterDeposits_8_r       |  16|   0|   16|          0|
    |ap_port_reg_ClusterDeposits_9_r       |  16|   0|   16|          0|
    |ap_port_reg_ClusterEta_0_read         |  16|   0|   16|          0|
    |ap_port_reg_ClusterEta_1_read         |  16|   0|   16|          0|
    |ap_port_reg_ClusterEta_2_read         |  16|   0|   16|          0|
    |ap_port_reg_ClusterEta_3_read         |  16|   0|   16|          0|
    |ap_port_reg_ClusterEta_4_read         |  16|   0|   16|          0|
    |ap_port_reg_ClusterEta_5_read         |  16|   0|   16|          0|
    |ap_port_reg_ClusterEta_6_read         |  16|   0|   16|          0|
    |ap_port_reg_ClusterEta_7_read         |  16|   0|   16|          0|
    |ap_port_reg_ClusterEta_8_read         |  16|   0|   16|          0|
    |ap_port_reg_ClusterEta_9_read         |  16|   0|   16|          0|
    |ap_port_reg_ClusterPhi_0_read         |  16|   0|   16|          0|
    |ap_port_reg_ClusterPhi_1_read         |  16|   0|   16|          0|
    |ap_port_reg_ClusterPhi_2_read         |  16|   0|   16|          0|
    |ap_port_reg_ClusterPhi_3_read         |  16|   0|   16|          0|
    |ap_port_reg_ClusterPhi_4_read         |  16|   0|   16|          0|
    |ap_port_reg_ClusterPhi_5_read         |  16|   0|   16|          0|
    |ap_port_reg_ClusterPhi_6_read         |  16|   0|   16|          0|
    |ap_port_reg_ClusterPhi_7_read         |  16|   0|   16|          0|
    |ap_port_reg_ClusterPhi_8_read         |  16|   0|   16|          0|
    |ap_port_reg_ClusterPhi_9_read         |  16|   0|   16|          0|
    |ap_reg_grp_bitonic16_fu_248_ap_start  |   1|   0|    1|          0|
    |p_read1_read5_reg_1142                |  16|   0|   16|          0|
    |p_read2_read6_reg_1162                |  16|   0|   16|          0|
    |p_read3_read7_reg_1182                |  16|   0|   16|          0|
    |p_read40_s_reg_1228                   |  16|   0|   16|          0|
    |p_read41_s_reg_1238                   |  16|   0|   16|          0|
    |p_read43_ClusterEta_reg_1258          |   1|   0|    1|          0|
    |p_read4_read_reg_1116                 |  16|   0|   16|          0|
    |p_read5_read1_reg_1136                |  16|   0|   16|          0|
    |p_read6_read2_reg_1156                |  16|   0|   16|          0|
    |p_read72_s_reg_1233                   |  16|   0|   16|          0|
    |p_read73_s_reg_1243                   |  16|   0|   16|          0|
    |p_read75_ClusterPhi_reg_1263          |   1|   0|    1|          0|
    |p_read7_read3_reg_1176                |  16|   0|   16|          0|
    |p_read_read4_reg_1122                 |  16|   0|   16|          0|
    |sel_SEBB4_reg_1268                    |  16|   0|   16|          0|
    |sel_SEBB5_reg_1273                    |  16|   0|   16|          0|
    |tmp_194_1_reg_1128                    |   1|   0|    1|          0|
    |tmp_194_2_reg_1148                    |   1|   0|    1|          0|
    |tmp_194_3_reg_1168                    |   1|   0|    1|          0|
    |tmp_211_1_reg_1208                    |   1|   0|    1|          0|
    |tmp_216_1_reg_1218                    |   1|   0|    1|          0|
    |tmp_37_reg_1188                       |   1|   0|    1|          0|
    |tmp_38_reg_1198                       |   1|   0|    1|          0|
    |tmp_s_reg_1108                        |   1|   0|    1|          0|
    +--------------------------------------+----+----+-----+-----------+
    |Total                                 |1045|   0| 1045|          0|
    +--------------------------------------+----+----+-----+-----------+



================================================================
== Interface
================================================================
* Summary: 
+---------------------+-----+-----+------------+---------------------+--------------+
|      RTL Ports      | Dir | Bits|  Protocol  |    Source Object    |    C Type    |
+---------------------+-----+-----+------------+---------------------+--------------+
|ap_clk               |  in |    1| ap_ctrl_hs |       bitonic8      | return value |
|ap_rst               |  in |    1| ap_ctrl_hs |       bitonic8      | return value |
|ap_start             |  in |    1| ap_ctrl_hs |       bitonic8      | return value |
|ap_done              | out |    1| ap_ctrl_hs |       bitonic8      | return value |
|ap_idle              | out |    1| ap_ctrl_hs |       bitonic8      | return value |
|ap_ready             | out |    1| ap_ctrl_hs |       bitonic8      | return value |
|ap_return_0          | out |   16| ap_ctrl_hs |       bitonic8      | return value |
|ap_return_1          | out |   16| ap_ctrl_hs |       bitonic8      | return value |
|ap_return_2          | out |   16| ap_ctrl_hs |       bitonic8      | return value |
|ap_return_3          | out |   16| ap_ctrl_hs |       bitonic8      | return value |
|ap_return_4          | out |   16| ap_ctrl_hs |       bitonic8      | return value |
|ap_return_5          | out |   16| ap_ctrl_hs |       bitonic8      | return value |
|ap_return_6          | out |   16| ap_ctrl_hs |       bitonic8      | return value |
|ap_return_7          | out |   16| ap_ctrl_hs |       bitonic8      | return value |
|ap_return_8          | out |   16| ap_ctrl_hs |       bitonic8      | return value |
|ap_return_9          | out |   16| ap_ctrl_hs |       bitonic8      | return value |
|ap_return_10         | out |   16| ap_ctrl_hs |       bitonic8      | return value |
|ap_return_11         | out |   16| ap_ctrl_hs |       bitonic8      | return value |
|ap_return_12         | out |   16| ap_ctrl_hs |       bitonic8      | return value |
|ap_return_13         | out |   16| ap_ctrl_hs |       bitonic8      | return value |
|ap_return_14         | out |   16| ap_ctrl_hs |       bitonic8      | return value |
|ap_return_15         | out |   16| ap_ctrl_hs |       bitonic8      | return value |
|ap_return_16         | out |   16| ap_ctrl_hs |       bitonic8      | return value |
|ap_return_17         | out |   16| ap_ctrl_hs |       bitonic8      | return value |
|ap_return_18         | out |   16| ap_ctrl_hs |       bitonic8      | return value |
|ap_return_19         | out |   16| ap_ctrl_hs |       bitonic8      | return value |
|ap_return_20         | out |   16| ap_ctrl_hs |       bitonic8      | return value |
|ap_return_21         | out |   16| ap_ctrl_hs |       bitonic8      | return value |
|ap_return_22         | out |   16| ap_ctrl_hs |       bitonic8      | return value |
|ap_return_23         | out |   16| ap_ctrl_hs |       bitonic8      | return value |
|ap_return_24         | out |   16| ap_ctrl_hs |       bitonic8      | return value |
|ap_return_25         | out |   16| ap_ctrl_hs |       bitonic8      | return value |
|ap_return_26         | out |   16| ap_ctrl_hs |       bitonic8      | return value |
|ap_return_27         | out |   16| ap_ctrl_hs |       bitonic8      | return value |
|ap_return_28         | out |   16| ap_ctrl_hs |       bitonic8      | return value |
|ap_return_29         | out |   16| ap_ctrl_hs |       bitonic8      | return value |
|ap_return_30         | out |   16| ap_ctrl_hs |       bitonic8      | return value |
|ap_return_31         | out |   16| ap_ctrl_hs |       bitonic8      | return value |
|ap_return_32         | out |   16| ap_ctrl_hs |       bitonic8      | return value |
|ap_return_33         | out |   16| ap_ctrl_hs |       bitonic8      | return value |
|ap_return_34         | out |   16| ap_ctrl_hs |       bitonic8      | return value |
|ap_return_35         | out |   16| ap_ctrl_hs |       bitonic8      | return value |
|ap_return_36         | out |   16| ap_ctrl_hs |       bitonic8      | return value |
|ap_return_37         | out |   16| ap_ctrl_hs |       bitonic8      | return value |
|ap_return_38         | out |   16| ap_ctrl_hs |       bitonic8      | return value |
|ap_return_39         | out |   16| ap_ctrl_hs |       bitonic8      | return value |
|ap_return_40         | out |   16| ap_ctrl_hs |       bitonic8      | return value |
|ap_return_41         | out |   16| ap_ctrl_hs |       bitonic8      | return value |
|ap_return_42         | out |   16| ap_ctrl_hs |       bitonic8      | return value |
|ap_return_43         | out |   16| ap_ctrl_hs |       bitonic8      | return value |
|ap_return_44         | out |   16| ap_ctrl_hs |       bitonic8      | return value |
|ap_return_45         | out |   16| ap_ctrl_hs |       bitonic8      | return value |
|ap_return_46         | out |   16| ap_ctrl_hs |       bitonic8      | return value |
|ap_return_47         | out |   16| ap_ctrl_hs |       bitonic8      | return value |
|ap_return_48         | out |   16| ap_ctrl_hs |       bitonic8      | return value |
|ap_return_49         | out |   16| ap_ctrl_hs |       bitonic8      | return value |
|ap_return_50         | out |   16| ap_ctrl_hs |       bitonic8      | return value |
|ap_return_51         | out |   16| ap_ctrl_hs |       bitonic8      | return value |
|ap_return_52         | out |   16| ap_ctrl_hs |       bitonic8      | return value |
|ap_return_53         | out |   16| ap_ctrl_hs |       bitonic8      | return value |
|ap_return_54         | out |   16| ap_ctrl_hs |       bitonic8      | return value |
|ap_return_55         | out |   16| ap_ctrl_hs |       bitonic8      | return value |
|ap_return_56         | out |   16| ap_ctrl_hs |       bitonic8      | return value |
|ap_return_57         | out |   16| ap_ctrl_hs |       bitonic8      | return value |
|ap_return_58         | out |   16| ap_ctrl_hs |       bitonic8      | return value |
|ap_return_59         | out |   16| ap_ctrl_hs |       bitonic8      | return value |
|ap_return_60         | out |   16| ap_ctrl_hs |       bitonic8      | return value |
|ap_return_61         | out |   16| ap_ctrl_hs |       bitonic8      | return value |
|ap_return_62         | out |   16| ap_ctrl_hs |       bitonic8      | return value |
|ap_return_63         | out |   16| ap_ctrl_hs |       bitonic8      | return value |
|ap_return_64         | out |   16| ap_ctrl_hs |       bitonic8      | return value |
|ap_return_65         | out |   16| ap_ctrl_hs |       bitonic8      | return value |
|ap_return_66         | out |   16| ap_ctrl_hs |       bitonic8      | return value |
|ap_return_67         | out |   16| ap_ctrl_hs |       bitonic8      | return value |
|ap_return_68         | out |   16| ap_ctrl_hs |       bitonic8      | return value |
|ap_return_69         | out |   16| ap_ctrl_hs |       bitonic8      | return value |
|ap_return_70         | out |   16| ap_ctrl_hs |       bitonic8      | return value |
|ap_return_71         | out |   16| ap_ctrl_hs |       bitonic8      | return value |
|ap_return_72         | out |   16| ap_ctrl_hs |       bitonic8      | return value |
|ap_return_73         | out |   16| ap_ctrl_hs |       bitonic8      | return value |
|ap_return_74         | out |   16| ap_ctrl_hs |       bitonic8      | return value |
|ap_return_75         | out |   16| ap_ctrl_hs |       bitonic8      | return value |
|ap_return_76         | out |   16| ap_ctrl_hs |       bitonic8      | return value |
|ap_return_77         | out |   16| ap_ctrl_hs |       bitonic8      | return value |
|ap_return_78         | out |   16| ap_ctrl_hs |       bitonic8      | return value |
|ap_return_79         | out |   16| ap_ctrl_hs |       bitonic8      | return value |
|ap_return_80         | out |   16| ap_ctrl_hs |       bitonic8      | return value |
|ap_return_81         | out |   16| ap_ctrl_hs |       bitonic8      | return value |
|ap_return_82         | out |   16| ap_ctrl_hs |       bitonic8      | return value |
|ap_return_83         | out |   16| ap_ctrl_hs |       bitonic8      | return value |
|ap_return_84         | out |   16| ap_ctrl_hs |       bitonic8      | return value |
|ap_return_85         | out |   16| ap_ctrl_hs |       bitonic8      | return value |
|ap_return_86         | out |   16| ap_ctrl_hs |       bitonic8      | return value |
|ap_return_87         | out |   16| ap_ctrl_hs |       bitonic8      | return value |
|ap_return_88         | out |   16| ap_ctrl_hs |       bitonic8      | return value |
|ap_return_89         | out |   16| ap_ctrl_hs |       bitonic8      | return value |
|ClusterDeposits_0_r  |  in |   16|   ap_none  | ClusterDeposits_0_r |    scalar    |
|ClusterDeposits_1_r  |  in |   16|   ap_none  | ClusterDeposits_1_r |    scalar    |
|ClusterDeposits_2_r  |  in |   16|   ap_none  | ClusterDeposits_2_r |    scalar    |
|ClusterDeposits_3_r  |  in |   16|   ap_none  | ClusterDeposits_3_r |    scalar    |
|ClusterDeposits_4_r  |  in |   16|   ap_none  | ClusterDeposits_4_r |    scalar    |
|ClusterDeposits_5_r  |  in |   16|   ap_none  | ClusterDeposits_5_r |    scalar    |
|ClusterDeposits_6_r  |  in |   16|   ap_none  | ClusterDeposits_6_r |    scalar    |
|ClusterDeposits_7_r  |  in |   16|   ap_none  | ClusterDeposits_7_r |    scalar    |
|ClusterDeposits_8_r  |  in |   16|   ap_none  | ClusterDeposits_8_r |    scalar    |
|ClusterDeposits_9_r  |  in |   16|   ap_none  | ClusterDeposits_9_r |    scalar    |
|ClusterEta_0_read    |  in |   16|   ap_none  |  ClusterEta_0_read  |    scalar    |
|ClusterEta_1_read    |  in |   16|   ap_none  |  ClusterEta_1_read  |    scalar    |
|ClusterEta_2_read    |  in |   16|   ap_none  |  ClusterEta_2_read  |    scalar    |
|ClusterEta_3_read    |  in |   16|   ap_none  |  ClusterEta_3_read  |    scalar    |
|ClusterEta_4_read    |  in |   16|   ap_none  |  ClusterEta_4_read  |    scalar    |
|ClusterEta_5_read    |  in |   16|   ap_none  |  ClusterEta_5_read  |    scalar    |
|ClusterEta_6_read    |  in |   16|   ap_none  |  ClusterEta_6_read  |    scalar    |
|ClusterEta_7_read    |  in |   16|   ap_none  |  ClusterEta_7_read  |    scalar    |
|ClusterEta_8_read    |  in |   16|   ap_none  |  ClusterEta_8_read  |    scalar    |
|ClusterEta_9_read    |  in |   16|   ap_none  |  ClusterEta_9_read  |    scalar    |
|ClusterPhi_0_read    |  in |   16|   ap_none  |  ClusterPhi_0_read  |    scalar    |
|ClusterPhi_1_read    |  in |   16|   ap_none  |  ClusterPhi_1_read  |    scalar    |
|ClusterPhi_2_read    |  in |   16|   ap_none  |  ClusterPhi_2_read  |    scalar    |
|ClusterPhi_3_read    |  in |   16|   ap_none  |  ClusterPhi_3_read  |    scalar    |
|ClusterPhi_4_read    |  in |   16|   ap_none  |  ClusterPhi_4_read  |    scalar    |
|ClusterPhi_5_read    |  in |   16|   ap_none  |  ClusterPhi_5_read  |    scalar    |
|ClusterPhi_6_read    |  in |   16|   ap_none  |  ClusterPhi_6_read  |    scalar    |
|ClusterPhi_7_read    |  in |   16|   ap_none  |  ClusterPhi_7_read  |    scalar    |
|ClusterPhi_8_read    |  in |   16|   ap_none  |  ClusterPhi_8_read  |    scalar    |
|ClusterPhi_9_read    |  in |   16|   ap_none  |  ClusterPhi_9_read  |    scalar    |
+---------------------+-----+-----+------------+---------------------+--------------+

